Microchip MPLAB XC8 Compiler V2.46

Linker command line:

-W-3 \
  --edf=C:/Program Files/Microchip/MPLABX/v6.20/packs/Microchip/PIC16F1xxxx_DFP/1.24.387/xc8\pic\dat\20240111205957_en.msgs \
  -cn -h+dist/default/production\picI2C_OLED.X.production.sym \
  --cmf=dist/default/production\picI2C_OLED.X.production.cmf -z -Q16F18877 \
  -oC:\Users\utpal\AppData\Local\Temp\xcAshlk.\driver_tmp_3.o \
  --defsym=__MPLAB_BUILD=1 --fixupoverflow=error \
  -Mdist/default/production/picI2C_OLED.X.production.map \
  --md=C:\Users\utpal\AppData\Local\Temp\xcAshlk.\driver_tmp_0.dat -E1 \
  -ver=XC8 Compiler --acfsm=1493 -ACODE=00h-07FFhx16 -ASTRCODE=00h-07FFFh \
  -ASTRING=00h-0FFhx128 -ACONST=00h-0FFhx128 -AENTRY=00h-0FFhx128 \
  -ACOMMON=070h-07Fh -ABANK0=020h-06Fh -ABANK1=0A0h-0EFh \
  -ABANK2=0120h-016Fh -ABANK3=01A0h-01EFh -ABANK4=0220h-026Fh \
  -ABANK5=02A0h-02EFh -ABANK6=0320h-036Fh -ABANK7=03A0h-03EFh \
  -ABANK8=0420h-046Fh -ABANK9=04A0h-04EFh -ABANK10=0520h-056Fh \
  -ABANK11=05A0h-05EFh -ABANK12=0620h-066Fh -ABANK13=06A0h-06EFh \
  -ABANK14=0720h-076Fh -ABANK15=07A0h-07EFh -ABANK16=0820h-086Fh \
  -ABANK17=08A0h-08EFh -ABANK18=0920h-096Fh -ABANK19=09A0h-09EFh \
  -ABANK20=0A20h-0A6Fh -ABANK21=0AA0h-0AEFh -ABANK22=0B20h-0B6Fh \
  -ABANK23=0BA0h-0BEFh -ABANK24=0C20h-0C6Fh -ABANK25=0CA0h-0CEFh \
  -ABANK26=0D20h-0D6Fh -ABANK27=0DA0h-0DEFh -ABANK28=0E20h-0E6Fh \
  -ABANK29=0EA0h-0EEFh -ABANK30=0F20h-0F6Fh -ABANK31=0FA0h-0FEFh \
  -ABANK32=01020h-0106Fh -ABANK33=010A0h-010EFh -ABANK34=01120h-0116Fh \
  -ABANK35=011A0h-011EFh -ABANK36=01220h-0126Fh -ABANK37=012A0h-012EFh \
  -ABANK38=01320h-0136Fh -ABANK39=013A0h-013EFh -ABANK40=01420h-0146Fh \
  -ABANK41=014A0h-014EFh -ABANK42=01520h-0156Fh -ABANK43=015A0h-015EFh \
  -ABANK44=01620h-0166Fh -ABANK45=016A0h-016EFh -ABANK46=01720h-0176Fh \
  -ABANK47=017A0h-017EFh -ABANK48=01820h-0186Fh -ABANK49=018A0h-018EFh \
  -ABANK50=01920h-0196Fh -ABIGRAM=02000h-02FEFh \
  -ARAM=020h-06Fh,0A0h-0EFh,0120h-016Fh,01A0h-01EFh,0220h-026Fh,02A0h-02EFh,0320h-036Fh,03A0h-03EFh,0420h-046Fh,04A0h-04EFh,0520h-056Fh,05A0h-05EFh,0620h-066Fh,06A0h-06EFh,0720h-076Fh,07A0h-07EFh,0820h-086Fh,08A0h-08EFh,0920h-096Fh,09A0h-09EFh,0A20h-0A6Fh,0AA0h-0AEFh,0B20h-0B6Fh,0BA0h-0BEFh,0C20h-0C6Fh,0CA0h-0CEFh,0D20h-0D6Fh,0DA0h-0DEFh,0E20h-0E6Fh,0EA0h-0EEFh,0F20h-0F6Fh,0FA0h-0FEFh,01020h-0106Fh,010A0h-010EFh,01120h-0116Fh,011A0h-011EFh,01220h-0126Fh,012A0h-012EFh,01320h-0136Fh,013A0h-013EFh,01420h-0146Fh,014A0h-014EFh,01520h-0156Fh,015A0h-015EFh,01620h-0166Fh,016A0h-016EFh,01720h-0176Fh,017A0h-017EFh,01820h-0186Fh,018A0h-018EFh,01920h-0196Fh \
  -AABS1=020h-07Fh,0A0h-0EFh,0120h-016Fh,01A0h-01EFh,0220h-026Fh,02A0h-02EFh,0320h-036Fh,03A0h-03EFh,0420h-046Fh,04A0h-04EFh,0520h-056Fh,05A0h-05EFh,0620h-066Fh,06A0h-06EFh,0720h-076Fh,07A0h-07EFh,0820h-086Fh,08A0h-08EFh,0920h-096Fh,09A0h-09EFh,0A20h-0A6Fh,0AA0h-0AEFh,0B20h-0B6Fh,0BA0h-0BEFh,0C20h-0C6Fh,0CA0h-0CEFh,0D20h-0D6Fh,0DA0h-0DEFh,0E20h-0E6Fh,0EA0h-0EEFh,0F20h-0F6Fh,0FA0h-0FEFh,01020h-0106Fh,010A0h-010EFh,01120h-0116Fh,011A0h-011EFh,01220h-0126Fh,012A0h-012EFh,01320h-0136Fh,013A0h-013EFh,01420h-0146Fh,014A0h-014EFh,01520h-0156Fh,015A0h-015EFh,01620h-0166Fh,016A0h-016EFh,01720h-0176Fh,017A0h-017EFh,01820h-0186Fh,018A0h-018EFh,01920h-0196Fh \
  -ASFR0=00h-01Fh -ASFR1=080h-09Fh -ASFR2=0100h-011Fh -ASFR3=0180h-019Fh \
  -ASFR4=0200h-021Fh -ASFR5=0280h-029Fh -ASFR6=0300h-031Fh \
  -ASFR7=0380h-039Fh -ASFR8=0400h-041Fh -ASFR9=0480h-049Fh \
  -ASFR10=0500h-051Fh -ASFR11=0580h-059Fh -ASFR12=0600h-061Fh \
  -ASFR13=0680h-069Fh -ASFR14=0700h-071Fh -ASFR15=0780h-079Fh \
  -ASFR16=0800h-081Fh -ASFR17=0880h-089Fh -ASFR18=0900h-091Fh \
  -ASFR19=0980h-099Fh -ASFR20=0A00h-0A1Fh -ASFR21=0A80h-0A9Fh \
  -ASFR22=0B00h-0B1Fh -ASFR23=0B80h-0B9Fh -ASFR24=0C00h-0C1Fh \
  -ASFR25=0C80h-0C9Fh -ASFR26=0D00h-0D1Fh -ASFR27=0D80h-0D9Fh \
  -ASFR28=0E00h-0E1Fh -ASFR29=0E80h-0E9Fh -ASFR30=0F00h-0F1Fh \
  -ASFR31=0F80h-0F9Fh -ASFR32=01000h-0101Fh -ASFR33=01080h-0109Fh \
  -ASFR34=01100h-0111Fh -ASFR35=01180h-0119Fh -ASFR36=01200h-0121Fh \
  -ASFR37=01280h-0129Fh -ASFR38=01300h-0131Fh -ASFR39=01380h-0139Fh \
  -ASFR40=01400h-0141Fh -ASFR41=01480h-0149Fh -ASFR42=01500h-0151Fh \
  -ASFR43=01580h-0159Fh -ASFR44=01600h-0161Fh -ASFR45=01680h-0169Fh \
  -ASFR46=01700h-0171Fh -ASFR47=01780h-0179Fh -ASFR48=01800h-0181Fh \
  -ASFR49=01880h-0189Fh -ASFR50=01900h-0191Fh -ASFR51=01980h-019EFh \
  -ASFR52=01A00h-01A6Fh -ASFR53=01A80h-01AEFh -ASFR54=01B00h-01B6Fh \
  -ASFR55=01B80h-01BEFh -ASFR56=01C00h-01C6Fh -ASFR57=01C80h-01CEFh \
  -ASFR58=01D00h-01D6Fh -ASFR59=01D80h-01DEFh -ASFR60=01E00h-01E6Fh \
  -ASFR61=01E80h-01EEFh -ASFR62=01F00h-01F6Fh -ASFR63=01F80h-01FEFh \
  -ACONFIG=08007h-0800Bh -DCONFIG=2 -AIDLOC=08000h-08003h -DIDLOC=2 \
  -AEEDATA=00h-0FFh/0F000h -peeprom_data=EEDATA -DEEDATA=2 -DCODE=2 \
  -DSTRCODE=2 -DSTRING=2 -DCONST=2 -DENTRY=2 \
  -preset_vec=00h,intentry,sivt,init,end_init -ppowerup=CODE -pcinit=CODE \
  -pfunctab=ENTRY -k \
  C:\Users\utpal\AppData\Local\Temp\xcAshlk.\driver_tmp_15.o \
  dist/default/production\picI2C_OLED.X.production.o 

Object code version is 3.11

Machine type is 16F18877



                Name                               Link     Load   Length Selector   Space Scale
C:\Users\utpal\AppData\Local\Temp\xcAshlk.\driver_tmp_15.o
                end_init                              2        2        2        0       0
                reset_vec                             0        0        2        0       0
                config                             8007     8007        5        0       4
dist/default/production\picI2C_OLED.X.production.o
                cinit                               7E4      7E4       1C      FC8       0
                config                             8007     8007        5        0       4
                text37                             2FC5     2FC5       1C     5F8A       0
                text36                             2F78     2F78       10     5EF0       0
                text35                             2064     2064       34     40C8       0
                text34                             2000     2000        C     3ED6       0
                text33                             2F4D     2F4D        6     5E9A       0
                text32                             2F53     2F53        6     5EA6       0
                text31                             2F59     2F59        8     5EB2       0
                text30                             2F98     2F98       14     5F30       0
                text29                               17       17       7E       2E       0
                text28                             2F61     2F61        8     5EC2       0
                text27                             2034     2034       30     4068       0
                text26                             2216     2216       60     442C       0
                text25                             2F43     2F43        2     5E86       0
                text24                                4        4        2        0       0
                text23                             2522     2522       D6     4A44       0
                text22                             26E1     26E1      11F     4DC2       0
                text21                             2F45     2F45        4     5E8A       0
                text20                             2161     2161       58     42C2       0
                text19                             2F49     2F49        4     5E92       0
                text18                             22D8     22D8       69     45B0       0
                text17                                6        6       11        C       0
                text16                               95       95      166      12A       0
                text15                             21B9     21B9       5D     4372       0
                text14                             2F69     2F69        F     5ED2       0
                text13                             2098     2098       40     4130       0
                text12                             20D8     20D8       40     41B0       0
                text11                             2118     2118       49     4230       0
                text10                             2458     2458       CA     48B0       0
                text9                              2341     2341       6E     4682       0
                text8                              200C     200C       28     4018       0
                text7                              2F88     2F88       10     5F10       0
                text6                              2276     2276       62     44EC       0
                text5                              2FE1     2FE1       1F     5FC2       0
                text4                               1FB      1FB      1E9      3F6       0
                text3                              2FAC     2FAC       19     5F58       0
                text2                              1F6B     1F6B       95     3ED6       0
                text1                              23AF     23AF       A9     475E       0
                maintext                           25F8     25F8       E9     4BF0       0
                cstackBANK0                          20       20       42       20       1
                cstackCOMMON                         70       70        E       70       1
                inittext                           1F5F     1F5F        C     3EBE       0
                bssBANK0                             62       62        B       20       1
                stringtext10                       305D     305D        B     6000       0
                stringtext9                        3047     3047       16     6000       0
                stringtext8                        3031     3031       16     6000       0
                stringtext7                        301B     301B       16     6000       0
                stringtext6                        3000     3000       1B     6000       0
                stringtext5                        1E22     1E22      13D     1000       0
                stringtext4                        1BE4     1BE4      23E     1000       0
                stringtext3                        17E4     17E4      400     1000       0
                stringtext2                        13E4     13E4      400     1000       0
                stringtext1                         800      800      BE4     1000       0
                idataBIGRAM                         3E4      3E4      400      7C8       0

TOTAL           Name                               Link     Load   Length     Space
        CLASS   CODE           
                end_init                              2        2        2         0
                cinit                               7E4      7E4       1C         0
                reset_vec                             0        0        2         0
                text37                             2FC5     2FC5       1C         0
                text36                             2F78     2F78       10         0
                text35                             2064     2064       34         0
                text34                             2000     2000        C         0
                text33                             2F4D     2F4D        6         0
                text32                             2F53     2F53        6         0
                text31                             2F59     2F59        8         0
                text30                             2F98     2F98       14         0
                text29                               17       17       7E         0
                text28                             2F61     2F61        8         0
                text27                             2034     2034       30         0
                text26                             2216     2216       60         0
                text25                             2F43     2F43        2         0
                text24                                4        4        2         0
                text23                             2522     2522       D6         0
                text22                             26E1     26E1      11F         0
                text21                             2F45     2F45        4         0
                text20                             2161     2161       58         0
                text19                             2F49     2F49        4         0
                text18                             22D8     22D8       69         0
                text17                                6        6       11         0
                text16                               95       95      166         0
                text15                             21B9     21B9       5D         0
                text14                             2F69     2F69        F         0
                text13                             2098     2098       40         0
                text12                             20D8     20D8       40         0
                text11                             2118     2118       49         0
                text10                             2458     2458       CA         0
                text9                              2341     2341       6E         0
                text8                              200C     200C       28         0
                text7                              2F88     2F88       10         0
                text6                              2276     2276       62         0
                text5                              2FE1     2FE1       1F         0
                text4                               1FB      1FB      1E9         0
                text3                              2FAC     2FAC       19         0
                text2                              1F6B     1F6B       95         0
                text1                              23AF     23AF       A9         0
                maintext                           25F8     25F8       E9         0
                inittext                           1F5F     1F5F        C         0
                idataBIGRAM                         3E4      3E4      400         0

        CLASS   STRCODE        
                stringtext10                       305D     305D        B         0
                stringtext9                        3047     3047       16         0
                stringtext8                        3031     3031       16         0
                stringtext7                        301B     301B       16         0
                stringtext6                        3000     3000       1B         0
                stringtext5                        1E22     1E22      13D         0
                stringtext4                        1BE4     1BE4      23E         0
                stringtext3                        17E4     17E4      400         0
                stringtext2                        13E4     13E4      400         0
                stringtext1                         800      800      BE4         0

        CLASS   STRING         

        CLASS   CONST          

        CLASS   ENTRY          

        CLASS   COMMON         
                cstackCOMMON                         70       70        E         1

        CLASS   BANK0          
                cstackBANK0                          20       20       42         1
                bssBANK0                             62       62        B         1

        CLASS   BANK1          

        CLASS   BANK2          

        CLASS   BANK3          

        CLASS   BANK4          

        CLASS   BANK5          

        CLASS   BANK6          

        CLASS   BANK7          

        CLASS   BANK8          

        CLASS   BANK9          

        CLASS   BANK10         

        CLASS   BANK11         

        CLASS   BANK12         

        CLASS   BANK13         

        CLASS   BANK14         

        CLASS   BANK15         

        CLASS   BANK16         

        CLASS   BANK17         

        CLASS   BANK18         

        CLASS   BANK19         

        CLASS   BANK20         

        CLASS   BANK21         

        CLASS   BANK22         

        CLASS   BANK23         

        CLASS   BANK24         

        CLASS   BANK25         

        CLASS   BANK26         

        CLASS   BANK27         

        CLASS   BANK28         

        CLASS   BANK29         

        CLASS   BANK30         

        CLASS   BANK31         

        CLASS   BANK32         

        CLASS   BANK33         

        CLASS   BANK34         

        CLASS   BANK35         

        CLASS   BANK36         

        CLASS   BANK37         

        CLASS   BANK38         

        CLASS   BANK39         

        CLASS   BANK40         

        CLASS   BANK41         

        CLASS   BANK42         

        CLASS   BANK43         

        CLASS   BANK44         

        CLASS   BANK45         

        CLASS   BANK46         

        CLASS   BANK47         

        CLASS   BANK48         

        CLASS   BANK49         

        CLASS   BANK50         

        CLASS   BIGRAM         

        CLASS   RAM            

        CLASS   ABS1           
                abs_s1                               7E       7E        2         1
                abs_s1                             1330     1330       40         1
                abs_s1                             13A0     13A0       50         1
                abs_s1                             1420     1420       50         1
                abs_s1                             14A0     14A0       50         1
                abs_s1                             1520     1520       50         1
                abs_s1                             15A0     15A0       50         1
                abs_s1                             1620     1620       50         1
                abs_s1                             16A0     16A0       50         1
                abs_s1                             1720     1720       50         1
                abs_s1                             17A0     17A0       50         1
                abs_s1                             1820     1820       50         1
                abs_s1                             18A0     18A0       50         1
                abs_s1                             1920     1920       50         1
                abs_s1                             2BF0     2BF0        0         1

        CLASS   SFR0           

        CLASS   SFR1           

        CLASS   SFR2           

        CLASS   SFR3           

        CLASS   SFR4           

        CLASS   SFR5           

        CLASS   SFR6           

        CLASS   SFR7           

        CLASS   SFR8           

        CLASS   SFR9           

        CLASS   SFR10          

        CLASS   SFR11          

        CLASS   SFR12          

        CLASS   SFR13          

        CLASS   SFR14          

        CLASS   SFR15          

        CLASS   SFR16          

        CLASS   SFR17          

        CLASS   SFR18          

        CLASS   SFR19          

        CLASS   SFR20          

        CLASS   SFR21          

        CLASS   SFR22          

        CLASS   SFR23          

        CLASS   SFR24          

        CLASS   SFR25          

        CLASS   SFR26          

        CLASS   SFR27          

        CLASS   SFR28          

        CLASS   SFR29          

        CLASS   SFR30          

        CLASS   SFR31          

        CLASS   SFR32          

        CLASS   SFR33          

        CLASS   SFR34          

        CLASS   SFR35          

        CLASS   SFR36          

        CLASS   SFR37          

        CLASS   SFR38          

        CLASS   SFR39          

        CLASS   SFR40          

        CLASS   SFR41          

        CLASS   SFR42          

        CLASS   SFR43          

        CLASS   SFR44          

        CLASS   SFR45          

        CLASS   SFR46          

        CLASS   SFR47          

        CLASS   SFR48          

        CLASS   SFR49          

        CLASS   SFR50          

        CLASS   SFR51          

        CLASS   SFR52          

        CLASS   SFR53          

        CLASS   SFR54          

        CLASS   SFR55          

        CLASS   SFR56          

        CLASS   SFR57          

        CLASS   SFR58          

        CLASS   SFR59          

        CLASS   SFR60          

        CLASS   SFR61          

        CLASS   SFR62          

        CLASS   SFR63          

        CLASS   CONFIG         
                config                             8007     8007        5         4

        CLASS   IDLOC          

        CLASS   EEDATA         

        CLASS   BANK63         

        CLASS   BANK62         

        CLASS   BANK61         

        CLASS   BANK60         

        CLASS   BANK59         

        CLASS   BANK58         

        CLASS   BANK57         

        CLASS   BANK56         

        CLASS   BANK55         

        CLASS   BANK54         

        CLASS   BANK53         

        CLASS   BANK52         

        CLASS   BANK51         

        CLASS   HEAP           

        CLASS   STACK          



SEGMENTS        Name                           Load    Length   Top    Selector   Space  Class     Delta

                reset_vec                      000000  000006  000006         0       0  CODE        2
                text17                         000006  000011  000017         C       0  CODE        2
                cstackBANK0                    000020  00004D  00006D        20       1  BANK0       1
                text29                         000017  00007E  000095        2E       0  CODE        2
                cstackCOMMON                   000070  00000E  00007E        70       1  COMMON      1
                text16                         000095  000166  0001FB       12A       0  CODE        2
                text4                          0001FB  0001E9  0003E4       3F6       0  CODE        2
                idataBIGRAM                    0003E4  000400  0007E4       7C8       0  CODE        2
                cinit                          0007E4  00001C  000800       FC8       0  CODE        2
                stringtext1                    000800  00175F  001F5F      1000       0  STRCODE     2
                inittext                       001F5F  00000C  001F6B      3EBE       0  CODE        2
                text2                          001F6B  0000A1  00200C      3ED6       0  CODE        2
                text8                          00200C  000028  002034      4018       0  CODE        2
                text27                         002034  000030  002064      4068       0  CODE        2
                text35                         002064  000034  002098      40C8       0  CODE        2
                text13                         002098  000040  0020D8      4130       0  CODE        2
                text12                         0020D8  000040  002118      41B0       0  CODE        2
                text11                         002118  000049  002161      4230       0  CODE        2
                text20                         002161  000058  0021B9      42C2       0  CODE        2
                text15                         0021B9  00005D  002216      4372       0  CODE        2
                text26                         002216  000060  002276      442C       0  CODE        2
                text6                          002276  000062  0022D8      44EC       0  CODE        2
                text18                         0022D8  000069  002341      45B0       0  CODE        2
                text9                          002341  00006E  0023AF      4682       0  CODE        2
                text1                          0023AF  0000A9  002458      475E       0  CODE        2
                text10                         002458  0000CA  002522      48B0       0  CODE        2
                text23                         002522  0000D6  0025F8      4A44       0  CODE        2
                maintext                       0025F8  0000E9  0026E1      4BF0       0  CODE        2
                text22                         0026E1  00011F  002800      4DC2       0  CODE        2
                text25                         002F43  000002  002F45      5E86       0  CODE        2
                text21                         002F45  000004  002F49      5E8A       0  CODE        2
                text19                         002F49  000004  002F4D      5E92       0  CODE        2
                text33                         002F4D  000006  002F53      5E9A       0  CODE        2
                text32                         002F53  000006  002F59      5EA6       0  CODE        2
                text31                         002F59  000008  002F61      5EB2       0  CODE        2
                text28                         002F61  000008  002F69      5EC2       0  CODE        2
                text14                         002F69  00000F  002F78      5ED2       0  CODE        2
                text36                         002F78  000010  002F88      5EF0       0  CODE        2
                text7                          002F88  000010  002F98      5F10       0  CODE        2
                text30                         002F98  000014  002FAC      5F30       0  CODE        2
                text3                          002FAC  000019  002FC5      5F58       0  CODE        2
                text37                         002FC5  00001C  002FE1      5F8A       0  CODE        2
                text5                          002FE1  00001F  003000      5FC2       0  CODE        2
                stringtext6                    003000  000068  003068      6000       0  STRCODE     2


UNUSED ADDRESS RANGES

        Name                Unused          Largest block    Delta
        BANK0            0006D-0006F               3           1
        BANK1            000A0-000EF              50           1
        BANK10           00520-0056F              50           1
        BANK11           005A0-005EF              50           1
        BANK12           00620-0066F              50           1
        BANK13           006A0-006EF              50           1
        BANK14           00720-0076F              50           1
        BANK15           007A0-007EF              50           1
        BANK16           00820-0086F              50           1
        BANK17           008A0-008EF              50           1
        BANK18           00920-0096F              50           1
        BANK19           009A0-009EF              50           1
        BANK2            00120-0016F              50           1
        BANK20           00A20-00A6F              50           1
        BANK21           00AA0-00AEF              50           1
        BANK22           00B20-00B6F              50           1
        BANK23           00BA0-00BEF              50           1
        BANK24           00C20-00C6F              50           1
        BANK25           00CA0-00CEF              50           1
        BANK26           00D20-00D6F              50           1
        BANK27           00DA0-00DEF              50           1
        BANK28           00E20-00E6F              50           1
        BANK29           00EA0-00EEF              50           1
        BANK3            001A0-001EF              50           1
        BANK30           00F20-00F6F              50           1
        BANK31           00FA0-00FEF              50           1
        BANK32           01020-0106F              50           1
        BANK33           010A0-010EF              50           1
        BANK34           01120-0116F              50           1
        BANK35           011A0-011EF              50           1
        BANK36           01220-0126F              50           1
        BANK37           012A0-012EF              50           1
        BANK38           01320-0132F              10           1
        BANK4            00220-0026F              50           1
        BANK5            002A0-002EF              50           1
        BANK6            00320-0036F              50           1
        BANK7            003A0-003EF              50           1
        BANK8            00420-0046F              50           1
        BANK9            004A0-004EF              50           1
        BIGRAM           02000-02FEF             FF0           1
        CODE             02800-02F42             743           2
                         03068-07FFF             800
        CONST            02800-02F42             100           2
                         03068-07FFF             100
        EEDATA           0F000-0F0FF             100           2
        ENTRY            02800-02F42             100           2
                         03068-07FFF             100
        IDLOC            08000-08003               4           2
        RAM              0006D-0006F               3           1
                         000A0-000EF              50
                         00120-0016F              50
                         001A0-001EF              50
                         00220-0026F              50
                         002A0-002EF              50
                         00320-0036F              50
                         003A0-003EF              50
                         00420-0046F              50
                         004A0-004EF              50
                         00520-0056F              50
                         005A0-005EF              50
                         00620-0066F              50
                         006A0-006EF              50
                         00720-0076F              50
                         007A0-007EF              50
                         00820-0086F              50
                         008A0-008EF              50
                         00920-0096F              50
                         009A0-009EF              50
                         00A20-00A6F              50
                         00AA0-00AEF              50
                         00B20-00B6F              50
                         00BA0-00BEF              50
                         00C20-00C6F              50
                         00CA0-00CEF              50
                         00D20-00D6F              50
                         00DA0-00DEF              50
                         00E20-00E6F              50
                         00EA0-00EEF              50
                         00F20-00F6F              50
                         00FA0-00FEF              50
                         01020-0106F              50
                         010A0-010EF              50
                         01120-0116F              50
                         011A0-011EF              50
                         01220-0126F              50
                         012A0-012EF              50
                         01320-0132F              10
        SFR0             00000-0001F              20           1
        SFR1             00080-0009F              20           1
        SFR10            00500-0051F              20           1
        SFR11            00580-0059F              20           1
        SFR12            00600-0061F              20           1
        SFR13            00680-0069F              20           1
        SFR14            00700-0071F              20           1
        SFR15            00780-0079F              20           1
        SFR16            00800-0081F              20           1
        SFR17            00880-0089F              20           1
        SFR18            00900-0091F              20           1
        SFR19            00980-0099F              20           1
        SFR2             00100-0011F              20           1
        SFR20            00A00-00A1F              20           1
        SFR21            00A80-00A9F              20           1
        SFR22            00B00-00B1F              20           1
        SFR23            00B80-00B9F              20           1
        SFR24            00C00-00C1F              20           1
        SFR25            00C80-00C9F              20           1
        SFR26            00D00-00D1F              20           1
        SFR27            00D80-00D9F              20           1
        SFR28            00E00-00E1F              20           1
        SFR29            00E80-00E9F              20           1
        SFR3             00180-0019F              20           1
        SFR30            00F00-00F1F              20           1
        SFR31            00F80-00F9F              20           1
        SFR32            01000-0101F              20           1
        SFR33            01080-0109F              20           1
        SFR34            01100-0111F              20           1
        SFR35            01180-0119F              20           1
        SFR36            01200-0121F              20           1
        SFR37            01280-0129F              20           1
        SFR38            01300-0131F              20           1
        SFR39            01380-0139F              20           1
        SFR4             00200-0021F              20           1
        SFR40            01400-0141F              20           1
        SFR41            01480-0149F              20           1
        SFR42            01500-0151F              20           1
        SFR43            01580-0159F              20           1
        SFR44            01600-0161F              20           1
        SFR45            01680-0169F              20           1
        SFR46            01700-0171F              20           1
        SFR47            01780-0179F              20           1
        SFR48            01800-0181F              20           1
        SFR49            01880-0189F              20           1
        SFR5             00280-0029F              20           1
        SFR50            01900-0191F              20           1
        SFR51            01980-019EF              70           1
        SFR52            01A00-01A6F              70           1
        SFR53            01A80-01AEF              70           1
        SFR54            01B00-01B6F              70           1
        SFR55            01B80-01BEF              70           1
        SFR56            01C00-01C6F              70           1
        SFR57            01C80-01CEF              70           1
        SFR58            01D00-01D6F              70           1
        SFR59            01D80-01DEF              70           1
        SFR6             00300-0031F              20           1
        SFR60            01E00-01E6F              70           1
        SFR61            01E80-01EEF              70           1
        SFR62            01F00-01F6F              70           1
        SFR63            01F80-01FEF              70           1
        SFR7             00380-0039F              20           1
        SFR8             00400-0041F              20           1
        SFR9             00480-0049F              20           1
        STRCODE          02800-02F42             743           2
                         03068-07FFF            4F98
        STRING           02800-02F42             100           2
                         03068-07FFF             100

                                  Symbol Table

?___awdiv                     cstackCOMMON 00076
?___wmul                      cstackCOMMON 00070
?_abs                         cstackCOMMON 00070
?_strlen                      cstackCOMMON 00070
I2C_Master_Init@c             cstackCOMMON 00070
I2C_Master_Write@d            cstackCOMMON 00070
OLED_Circle@color             cstackBANK0  00037
OLED_Circle@ddF_x             cstackBANK0  00038
OLED_Circle@ddF_y             cstackBANK0  0003A
OLED_Circle@f                 cstackBANK0  0003C
OLED_Circle@r                 cstackBANK0  00035
OLED_Circle@x                 cstackBANK0  0003E
OLED_Circle@x0                cstackBANK0  00031
OLED_Circle@y                 cstackBANK0  00040
OLED_Circle@y0                cstackBANK0  00033
OLED_DrawPixel@color          cstackBANK0  00028
OLED_DrawPixel@x              cstackBANK0  00024
OLED_DrawPixel@y              cstackBANK0  00026
OLED_H_Line@color             cstackBANK0  00037
OLED_H_Line@temp              cstackCOMMON 0007C
OLED_H_Line@x_end             cstackBANK0  00033
OLED_H_Line@x_start           cstackBANK0  00031
OLED_H_Line@y_pos             cstackBANK0  00035
OLED_Image@i                  cstackCOMMON 00077
OLED_Image@image              cstackCOMMON 00070
OLED_InvertDisplay@value      cstackCOMMON 00072
OLED_Line@P                   cstackBANK0  0004A
OLED_Line@addx                cstackBANK0  0004E
OLED_Line@addy                cstackBANK0  00050
OLED_Line@color               cstackBANK0  00039
OLED_Line@dx                  cstackBANK0  00052
OLED_Line@dy                  cstackBANK0  00054
OLED_Line@i                   cstackBANK0  00048
OLED_Line@x                   cstackBANK0  00044
OLED_Line@x_end               cstackBANK0  00035
OLED_Line@x_start             cstackBANK0  00031
OLED_Line@y                   cstackBANK0  00046
OLED_Line@y_end               cstackBANK0  00037
OLED_Line@y_start             cstackBANK0  00033
OLED_Rectangle@color          cstackBANK0  00040
OLED_Rectangle@x1             cstackBANK0  00038
OLED_Rectangle@x2             cstackBANK0  0003C
OLED_Rectangle@y1             cstackBANK0  0003A
OLED_Rectangle@y2             cstackBANK0  0003E
OLED_SetFont@font             cstackCOMMON 00070
OLED_Update@i                 cstackCOMMON 00075
OLED_Update@x                 cstackCOMMON 00074
OLED_V_Line@color             cstackBANK0  00037
OLED_V_Line@temp              cstackCOMMON 0007C
OLED_V_Line@x_pos             cstackBANK0  00035
OLED_V_Line@y_end             cstackBANK0  00033
OLED_V_Line@y_start           cstackBANK0  00031
OLED_Write@b                  cstackBANK0  00050
OLED_Write@cbit               cstackBANK0  00044
OLED_Write@cbyte              cstackBANK0  00040
OLED_Write@cnt                cstackBANK0  0004E
OLED_Write@cx                 cstackBANK0  00048
OLED_Write@cy                 cstackBANK0  0004A
OLED_Write@font_idx           cstackBANK0  00046
OLED_Write@rowcnt             cstackBANK0  0004C
OLED_Write@temp               cstackBANK0  0003E
OLED_Write@value              cstackBANK0  00035
OLED_Write@x                  cstackBANK0  00031
OLED_Write@y                  cstackBANK0  00033
OLED_Write_Text@cnt           cstackBANK0  0005E
OLED_Write_Text@length        cstackBANK0  0005F
OLED_Write_Text@text          cstackBANK0  00055
OLED_Write_Text@x             cstackBANK0  00051
OLED_Write_Text@y             cstackBANK0  00053
_ANSELB                       (abs)        01F43
_I2C_Master_Init              text28       02F61
_I2C_Master_Start             text33       02F4D
_I2C_Master_Stop              text32       02F53
_I2C_Master_Wait              text34       02000
_I2C_Master_Write             text31       02F59
_LATB                         (abs)        00017
_OLED_Circle                  text22       026E1
_OLED_ClearDisplay            text14       02F69
_OLED_DrawPixel               text23       02522
_OLED_FillDisplay             text36       02F78
_OLED_H_Line                  text13       02098
_OLED_Height                  text21       02F45
_OLED_Image                   text8        0200C
_OLED_Init                    text29       00017
_OLED_InvertDisplay           text7        02F88
_OLED_Line                    text16       00095
_OLED_Rectangle               text11       02118
_OLED_SetFont                 text35       02064
_OLED_Update                  text20       02161
_OLED_V_Line                  text12       020D8
_OLED_Width                   text19       02F49
_OLED_Write                   text4        001FB
_OLED_Write$1145              cstackBANK0  00042
_OLED_Write_Text              text2        01F6B
_OLED_Write_Text$1146         cstackBANK0  0005C
_OSCCON1                      (abs)        0088D
_OSCFRQ                       (abs)        00893
_RB1PPS                       (abs)        01F19
_RB2PPS                       (abs)        01F1A
_SMALL_FONTS                  stringtext4  01BE4
_SSP2ADD                      (abs)        00197
_SSP2BUF                      (abs)        00196
_SSP2CLKPPS                   (abs)        01EC8
_SSP2CON1                     (abs)        0019A
_SSP2CON2                     (abs)        0019B
_SSP2CON2bits                 (abs)        0019B
_SSP2DATPPS                   (abs)        01EC9
_SSP2STAT                     (abs)        00199
_TINY_FONTS                   stringtext5  01E22
_TRISBbits                    (abs)        00012
__H__absolute__               __absolute__ 00000
__Habs1                       abs1         00000
__Hbank0                      bank0        00000
__Hbank1                      bank1        00000
__Hbank10                     bank10       00000
__Hbank11                     bank11       00000
__Hbank12                     bank12       00000
__Hbank13                     bank13       00000
__Hbank14                     bank14       00000
__Hbank15                     bank15       00000
__Hbank16                     bank16       00000
__Hbank17                     bank17       00000
__Hbank18                     bank18       00000
__Hbank19                     bank19       00000
__Hbank2                      bank2        00000
__Hbank20                     bank20       00000
__Hbank21                     bank21       00000
__Hbank22                     bank22       00000
__Hbank23                     bank23       00000
__Hbank24                     bank24       00000
__Hbank25                     bank25       00000
__Hbank26                     bank26       00000
__Hbank27                     bank27       00000
__Hbank28                     bank28       00000
__Hbank29                     bank29       00000
__Hbank3                      bank3        00000
__Hbank30                     bank30       00000
__Hbank31                     bank31       00000
__Hbank32                     bank32       00000
__Hbank33                     bank33       00000
__Hbank34                     bank34       00000
__Hbank35                     bank35       00000
__Hbank36                     bank36       00000
__Hbank37                     bank37       00000
__Hbank38                     bank38       00000
__Hbank39                     bank39       00000
__Hbank4                      bank4        00000
__Hbank40                     bank40       00000
__Hbank41                     bank41       00000
__Hbank42                     bank42       00000
__Hbank43                     bank43       00000
__Hbank44                     bank44       00000
__Hbank45                     bank45       00000
__Hbank46                     bank46       00000
__Hbank47                     bank47       00000
__Hbank48                     bank48       00000
__Hbank49                     bank49       00000
__Hbank5                      bank5        00000
__Hbank50                     bank50       00000
__Hbank51                     bank51       00000
__Hbank52                     bank52       00000
__Hbank53                     bank53       00000
__Hbank54                     bank54       00000
__Hbank55                     bank55       00000
__Hbank56                     bank56       00000
__Hbank57                     bank57       00000
__Hbank58                     bank58       00000
__Hbank59                     bank59       00000
__Hbank6                      bank6        00000
__Hbank60                     bank60       00000
__Hbank61                     bank61       00000
__Hbank62                     bank62       00000
__Hbank63                     bank63       00000
__Hbank7                      bank7        00000
__Hbank8                      bank8        00000
__Hbank9                      bank9        00000
__Hbigram                     bigram       00000
__HbssBANK0                   bssBANK0     00000
__Hcinit                      cinit        00800
__Hclrtext                    clrtext      00000
__Hcode                       code         00000
__Hcommon                     common       00000
__Hconfig                     config       0800C
__HcstackBANK0                cstackBANK0  00000
__HcstackCOMMON               cstackCOMMON 00000
__Heeprom_data                eeprom_data  00000
__Hend_init                   end_init     00004
__Hfunctab                    functab      00000
__Hheap                       heap         00000
__HidataBIGRAM                idataBIGRAM  00000
__Hinit                       init         00002
__Hinittext                   inittext     00000
__Hintentry                   intentry     00002
__Hmaintext                   maintext     00000
__Hpowerup                    powerup      00000
__Hram                        ram          00000
__Hreset_vec                  reset_vec    00002
__Hsfr0                       sfr0         00000
__Hsfr1                       sfr1         00000
__Hsfr10                      sfr10        00000
__Hsfr11                      sfr11        00000
__Hsfr12                      sfr12        00000
__Hsfr13                      sfr13        00000
__Hsfr14                      sfr14        00000
__Hsfr15                      sfr15        00000
__Hsfr16                      sfr16        00000
__Hsfr17                      sfr17        00000
__Hsfr18                      sfr18        00000
__Hsfr19                      sfr19        00000
__Hsfr2                       sfr2         00000
__Hsfr20                      sfr20        00000
__Hsfr21                      sfr21        00000
__Hsfr22                      sfr22        00000
__Hsfr23                      sfr23        00000
__Hsfr24                      sfr24        00000
__Hsfr25                      sfr25        00000
__Hsfr26                      sfr26        00000
__Hsfr27                      sfr27        00000
__Hsfr28                      sfr28        00000
__Hsfr29                      sfr29        00000
__Hsfr3                       sfr3         00000
__Hsfr30                      sfr30        00000
__Hsfr31                      sfr31        00000
__Hsfr32                      sfr32        00000
__Hsfr33                      sfr33        00000
__Hsfr34                      sfr34        00000
__Hsfr35                      sfr35        00000
__Hsfr36                      sfr36        00000
__Hsfr37                      sfr37        00000
__Hsfr38                      sfr38        00000
__Hsfr39                      sfr39        00000
__Hsfr4                       sfr4         00000
__Hsfr40                      sfr40        00000
__Hsfr41                      sfr41        00000
__Hsfr42                      sfr42        00000
__Hsfr43                      sfr43        00000
__Hsfr44                      sfr44        00000
__Hsfr45                      sfr45        00000
__Hsfr46                      sfr46        00000
__Hsfr47                      sfr47        00000
__Hsfr48                      sfr48        00000
__Hsfr49                      sfr49        00000
__Hsfr5                       sfr5         00000
__Hsfr50                      sfr50        00000
__Hsfr51                      sfr51        00000
__Hsfr52                      sfr52        00000
__Hsfr53                      sfr53        00000
__Hsfr54                      sfr54        00000
__Hsfr55                      sfr55        00000
__Hsfr56                      sfr56        00000
__Hsfr57                      sfr57        00000
__Hsfr58                      sfr58        00000
__Hsfr59                      sfr59        00000
__Hsfr6                       sfr6         00000
__Hsfr60                      sfr60        00000
__Hsfr61                      sfr61        00000
__Hsfr62                      sfr62        00000
__Hsfr63                      sfr63        00000
__Hsfr7                       sfr7         00000
__Hsfr8                       sfr8         00000
__Hsfr9                       sfr9         00000
__Hsivt                       sivt         00002
__Hspace_0                    (abs)        03068
__Hspace_1                    (abs)        0007E
__Hspace_2                    (abs)        00000
__Hspace_3                    (abs)        00000
__Hspace_4                    (abs)        10013
__Hstack                      stack        00000
__Hstrings                    strings      00000
__Hstringtext1                stringtext1  00000
__Hstringtext10               stringtext10 00000
__Hstringtext11               stringtext11 00000
__Hstringtext2                stringtext2  00000
__Hstringtext3                stringtext3  00000
__Hstringtext4                stringtext4  00000
__Hstringtext5                stringtext5  00000
__Hstringtext6                stringtext6  00000
__Hstringtext7                stringtext7  00000
__Hstringtext8                stringtext8  00000
__Hstringtext9                stringtext9  00000
__Htext                       text         00000
__L__absolute__               __absolute__ 00000
__Labs1                       abs1         00000
__Lbank0                      bank0        00000
__Lbank1                      bank1        00000
__Lbank10                     bank10       00000
__Lbank11                     bank11       00000
__Lbank12                     bank12       00000
__Lbank13                     bank13       00000
__Lbank14                     bank14       00000
__Lbank15                     bank15       00000
__Lbank16                     bank16       00000
__Lbank17                     bank17       00000
__Lbank18                     bank18       00000
__Lbank19                     bank19       00000
__Lbank2                      bank2        00000
__Lbank20                     bank20       00000
__Lbank21                     bank21       00000
__Lbank22                     bank22       00000
__Lbank23                     bank23       00000
__Lbank24                     bank24       00000
__Lbank25                     bank25       00000
__Lbank26                     bank26       00000
__Lbank27                     bank27       00000
__Lbank28                     bank28       00000
__Lbank29                     bank29       00000
__Lbank3                      bank3        00000
__Lbank30                     bank30       00000
__Lbank31                     bank31       00000
__Lbank32                     bank32       00000
__Lbank33                     bank33       00000
__Lbank34                     bank34       00000
__Lbank35                     bank35       00000
__Lbank36                     bank36       00000
__Lbank37                     bank37       00000
__Lbank38                     bank38       00000
__Lbank39                     bank39       00000
__Lbank4                      bank4        00000
__Lbank40                     bank40       00000
__Lbank41                     bank41       00000
__Lbank42                     bank42       00000
__Lbank43                     bank43       00000
__Lbank44                     bank44       00000
__Lbank45                     bank45       00000
__Lbank46                     bank46       00000
__Lbank47                     bank47       00000
__Lbank48                     bank48       00000
__Lbank49                     bank49       00000
__Lbank5                      bank5        00000
__Lbank50                     bank50       00000
__Lbank51                     bank51       00000
__Lbank52                     bank52       00000
__Lbank53                     bank53       00000
__Lbank54                     bank54       00000
__Lbank55                     bank55       00000
__Lbank56                     bank56       00000
__Lbank57                     bank57       00000
__Lbank58                     bank58       00000
__Lbank59                     bank59       00000
__Lbank6                      bank6        00000
__Lbank60                     bank60       00000
__Lbank61                     bank61       00000
__Lbank62                     bank62       00000
__Lbank63                     bank63       00000
__Lbank7                      bank7        00000
__Lbank8                      bank8        00000
__Lbank9                      bank9        00000
__Lbigram                     bigram       00000
__LbssBANK0                   bssBANK0     00000
__Lcinit                      cinit        007E4
__Lclrtext                    clrtext      00000
__Lcode                       code         00000
__Lcommon                     common       00000
__Lconfig                     config       00000
__LcstackBANK0                cstackBANK0  00000
__LcstackCOMMON               cstackCOMMON 00000
__Leeprom_data                eeprom_data  00000
__Lend_init                   end_init     00002
__Lfunctab                    functab      00000
__Lheap                       heap         00000
__LidataBIGRAM                idataBIGRAM  00000
__Linit                       init         00002
__Linittext                   inittext     00000
__Lintentry                   intentry     00002
__Lmaintext                   maintext     00000
__Lpowerup                    powerup      00000
__Lram                        ram          00000
__Lreset_vec                  reset_vec    00000
__Lsfr0                       sfr0         00000
__Lsfr1                       sfr1         00000
__Lsfr10                      sfr10        00000
__Lsfr11                      sfr11        00000
__Lsfr12                      sfr12        00000
__Lsfr13                      sfr13        00000
__Lsfr14                      sfr14        00000
__Lsfr15                      sfr15        00000
__Lsfr16                      sfr16        00000
__Lsfr17                      sfr17        00000
__Lsfr18                      sfr18        00000
__Lsfr19                      sfr19        00000
__Lsfr2                       sfr2         00000
__Lsfr20                      sfr20        00000
__Lsfr21                      sfr21        00000
__Lsfr22                      sfr22        00000
__Lsfr23                      sfr23        00000
__Lsfr24                      sfr24        00000
__Lsfr25                      sfr25        00000
__Lsfr26                      sfr26        00000
__Lsfr27                      sfr27        00000
__Lsfr28                      sfr28        00000
__Lsfr29                      sfr29        00000
__Lsfr3                       sfr3         00000
__Lsfr30                      sfr30        00000
__Lsfr31                      sfr31        00000
__Lsfr32                      sfr32        00000
__Lsfr33                      sfr33        00000
__Lsfr34                      sfr34        00000
__Lsfr35                      sfr35        00000
__Lsfr36                      sfr36        00000
__Lsfr37                      sfr37        00000
__Lsfr38                      sfr38        00000
__Lsfr39                      sfr39        00000
__Lsfr4                       sfr4         00000
__Lsfr40                      sfr40        00000
__Lsfr41                      sfr41        00000
__Lsfr42                      sfr42        00000
__Lsfr43                      sfr43        00000
__Lsfr44                      sfr44        00000
__Lsfr45                      sfr45        00000
__Lsfr46                      sfr46        00000
__Lsfr47                      sfr47        00000
__Lsfr48                      sfr48        00000
__Lsfr49                      sfr49        00000
__Lsfr5                       sfr5         00000
__Lsfr50                      sfr50        00000
__Lsfr51                      sfr51        00000
__Lsfr52                      sfr52        00000
__Lsfr53                      sfr53        00000
__Lsfr54                      sfr54        00000
__Lsfr55                      sfr55        00000
__Lsfr56                      sfr56        00000
__Lsfr57                      sfr57        00000
__Lsfr58                      sfr58        00000
__Lsfr59                      sfr59        00000
__Lsfr6                       sfr6         00000
__Lsfr60                      sfr60        00000
__Lsfr61                      sfr61        00000
__Lsfr62                      sfr62        00000
__Lsfr63                      sfr63        00000
__Lsfr7                       sfr7         00000
__Lsfr8                       sfr8         00000
__Lsfr9                       sfr9         00000
__Lsivt                       sivt         00002
__Lspace_0                    (abs)        00000
__Lspace_1                    (abs)        00000
__Lspace_2                    (abs)        00000
__Lspace_3                    (abs)        00000
__Lspace_4                    (abs)        00000
__Lstack                      stack        00000
__Lstrings                    strings      00000
__Lstringtext1                stringtext1  00000
__Lstringtext10               stringtext10 00000
__Lstringtext11               stringtext11 00000
__Lstringtext2                stringtext2  00000
__Lstringtext3                stringtext3  00000
__Lstringtext4                stringtext4  00000
__Lstringtext5                stringtext5  00000
__Lstringtext6                stringtext6  00000
__Lstringtext7                stringtext7  00000
__Lstringtext8                stringtext8  00000
__Lstringtext9                stringtext9  00000
__Ltext                       text         00000
__S0                          (abs)        03068
__S1                          (abs)        0007E
__S3                          (abs)        00000
___awdiv                      text26       02216
___awdiv@counter              cstackBANK0  00020
___awdiv@dividend             cstackCOMMON 00078
___awdiv@divisor              cstackCOMMON 00076
___awdiv@quotient             cstackBANK0  00022
___awdiv@sign                 cstackBANK0  00021
___heap_hi                    (abs)        00000
___heap_lo                    (abs)        00000
___int_sp                     stack        00000
___int_stack_hi               stack        00000
___int_stack_lo               stack        00000
___latbits                    (abs)        00004
___sp                         stack        00000
___stack_hi                   stack        00000
___stack_lo                   stack        00000
___stackhi                    (abs)        00000
___stacklo                    (abs)        00000
___wmul                       text5        02FE1
___wmul@multiplicand          cstackCOMMON 00072
___wmul@multiplier            cstackCOMMON 00070
___wmul@product               cstackCOMMON 00074
__end_of_BIG_FONTS            stringtext1  013E4
__end_of_I2C_Master_Init      text28       02F69
__end_of_I2C_Master_Start     text33       02F53
__end_of_I2C_Master_Stop      text32       02F59
__end_of_I2C_Master_Wait      text34       0200C
__end_of_I2C_Master_Write     text31       02F61
__end_of_OLED_Circle          text22       02800
__end_of_OLED_ClearDisplay    text14       02F78
__end_of_OLED_DrawPixel       text23       025F8
__end_of_OLED_FillDisplay     text36       02F88
__end_of_OLED_H_Line          text13       020D8
__end_of_OLED_Height          text21       02F49
__end_of_OLED_Image           text8        02034
__end_of_OLED_Init            text29       00095
__end_of_OLED_InvertDisplay   text7        02F98
__end_of_OLED_Line            text16       001FB
__end_of_OLED_Rectangle       text11       02161
__end_of_OLED_SetFont         text35       02098
__end_of_OLED_Update          text20       021B9
__end_of_OLED_V_Line          text12       02118
__end_of_OLED_Width           text19       02F4D
__end_of_OLED_Write           text4        003E4
__end_of_OLED_Write_Text      text2        02000
__end_of_SMALL_FONTS          stringtext4  01E22
__end_of_TINY_FONTS           stringtext5  01F43
__end_of___awdiv              text26       02276
__end_of___wmul               text5        03000
__end_of__initialization      cinit        007FD
__end_of_abs                  text17       00017
__end_of_bank                 stringtext3  01BE4
__end_of_height               text25       02F45
__end_of_house                stringtext2  017E4
__end_of_main                 maintext     026E1
__end_of_memset               text37       02FE1
__end_of_setup                text27       02064
__end_of_ssd1306_command      text30       02FAC
__end_of_strlen               text3        02FC5
__end_of_test_draw_circles    text18       02341
__end_of_test_draw_lines      text15       02216
__end_of_test_draw_rectangles text10       02522
__end_of_test_draw_v_h_lines  text9        023AF
__end_of_test_images          text6        022D8
__end_of_test_text_display    text1        02458
__end_of_width                text24       00006
__initialization              cinit        007E4
__pbssBANK0                   bssBANK0     00062
__pcstackBANK0                cstackBANK0  00020
__pcstackCOMMON               cstackCOMMON 00070
__pdataBIGRAM                 (abs)        02BF0
__pidataBIGRAM                idataBIGRAM  003E4
__pmaintext                   maintext     025F8
__pstringtext1                stringtext1  00800
__pstringtext10               stringtext10 0305D
__pstringtext11               stringtext11 00000
__pstringtext2                stringtext2  013E4
__pstringtext3                stringtext3  017E4
__pstringtext4                stringtext4  01BE4
__pstringtext5                stringtext5  01E22
__pstringtext6                stringtext6  03000
__pstringtext7                stringtext7  0301B
__pstringtext8                stringtext8  03031
__pstringtext9                stringtext9  03047
__ptext1                      text1        023AF
__ptext10                     text10       02458
__ptext11                     text11       02118
__ptext12                     text12       020D8
__ptext13                     text13       02098
__ptext14                     text14       02F69
__ptext15                     text15       021B9
__ptext16                     text16       00095
__ptext17                     text17       00006
__ptext18                     text18       022D8
__ptext19                     text19       02F49
__ptext2                      text2        01F6B
__ptext20                     text20       02161
__ptext21                     text21       02F45
__ptext22                     text22       026E1
__ptext23                     text23       02522
__ptext24                     text24       00004
__ptext25                     text25       02F43
__ptext26                     text26       02216
__ptext27                     text27       02034
__ptext28                     text28       02F61
__ptext29                     text29       00017
__ptext3                      text3        02FAC
__ptext30                     text30       02F98
__ptext31                     text31       02F59
__ptext32                     text32       02F53
__ptext33                     text33       02F4D
__ptext34                     text34       02000
__ptext35                     text35       02064
__ptext36                     text36       02F78
__ptext37                     text37       02FC5
__ptext4                      text4        001FB
__ptext5                      text5        02FE1
__ptext6                      text6        02276
__ptext7                      text7        02F88
__ptext8                      text8        0200C
__ptext9                      text9        02341
_abs                          text17       00006
_bank                         stringtext3  017E4
_buffer                       (abs)        02BF0
_cfont                        bssBANK0     00062
_height                       text25       02F43
_house                        stringtext2  013E4
_main                         maintext     025F8
_memset                       text37       02FC5
_setup                        text27       02034
_ssd1306_command              text30       02F98
_strlen                       text3        02FAC
_test_draw_circles            text18       022D8
_test_draw_circles$1143       cstackBANK0  00044
_test_draw_circles$1144       cstackBANK0  00046
_test_draw_lines              text15       021B9
_test_draw_rectangles         text10       02458
_test_draw_v_h_lines          text9        02341
_test_images                  text6        02276
_test_text_display            text1        023AF
_width                        text24       00004
abs@a                         cstackCOMMON 00070
btemp                         (abs)        0007E
end_of_initialization         cinit        007FD
init_ram                      inittext     01F5F
intlevel0                     functab      00000
intlevel1                     functab      00000
intlevel2                     functab      00000
intlevel3                     functab      00000
intlevel4                     functab      00000
intlevel5                     functab      00000
memset@c                      cstackCOMMON 00072
memset@dest                   cstackCOMMON 00070
memset@n                      cstackCOMMON 00074
memset@p                      cstackCOMMON 00076
reset_vec                     reset_vec    00000
ssd1306_command@command       cstackCOMMON 00071
start                         init         00002
start_initialization          cinit        007E4
strlen@a                      cstackCOMMON 00073
strlen@s                      cstackCOMMON 00070
test_draw_circles@i           cstackBANK0  00048
test_draw_lines@i             cstackCOMMON 0007D
test_draw_rectangles@i        cstackBANK0  0004D
test_draw_v_h_lines@i         cstackBANK0  0003A
wtemp0                        (abs)        0007E


MODULE INFORMATION

Module		Function		Class		Link	Load	Size
C:\Program Files\Microchip\xc8\v2.46\pic\sources\c99\common\awdiv.c
		___awdiv       		CODE           	2216	0000	96

C:\Program Files\Microchip\xc8\v2.46\pic\sources\c99\common\awdiv.c estimated size: 96

C:\Program Files\Microchip\xc8\v2.46\pic\sources\c99\common\strlen.c
		_strlen        		CODE           	2FAC	0000	25

C:\Program Files\Microchip\xc8\v2.46\pic\sources\c99\common\strlen.c estimated size: 25

C:\Program Files\Microchip\xc8\v2.46\pic\sources\c99\common\memset.c
		_memset        		CODE           	2FC5	0000	28

C:\Program Files\Microchip\xc8\v2.46\pic\sources\c99\common\memset.c estimated size: 28

shared
		_bank          		STRCODE        	17E4	0000	1024
		_TINY_FONTS    		STRCODE        	1E22	0000	289
		_BIG_FONTS     		STRCODE        	0000	0000	0
		__initialization		CODE           	07E4	0000	25
		_house         		STRCODE        	13E4	0000	1024
		_SMALL_FONTS   		STRCODE        	1BE4	0000	574

shared estimated size: 2936

C:\Program Files\Microchip\xc8\v2.46\pic\sources\c99\common\Umul16.c
		___wmul        		CODE           	2FE1	0000	31

C:\Program Files\Microchip\xc8\v2.46\pic\sources\c99\common\Umul16.c estimated size: 31

OLED.c
		_OLED_Circle   		CODE           	26E1	0000	287
		_OLED_Update   		CODE           	2161	0000	88
		_OLED_Write    		CODE           	01FB	0000	489
		_OLED_Line     		CODE           	0095	0000	358
		_OLED_FillDisplay		CODE           	2F78	0000	16
		_ssd1306_command		CODE           	2F98	0000	20
		_OLED_InvertDisplay		CODE           	2F88	0000	16
		_OLED_ClearDisplay		CODE           	2F69	0000	15
		_OLED_Init     		CODE           	0017	0000	126
		_height        		CODE           	2F43	0000	2
		_OLED_Write_Text		CODE           	1F6B	0000	149
		_OLED_Rectangle		CODE           	2118	0000	73
		_OLED_V_Line   		CODE           	20D8	0000	64
		_width         		CODE           	0004	0000	2
		_OLED_DrawPixel		CODE           	2522	0000	214
		_OLED_SetFont  		CODE           	2064	0000	52
		_OLED_Image    		CODE           	200C	0000	40
		_OLED_H_Line   		CODE           	2098	0000	64
		_OLED_Width    		CODE           	2F49	0000	4
		_OLED_Height   		CODE           	2F45	0000	4

OLED.c estimated size: 2083

C:\Program Files\Microchip\xc8\v2.46\pic\sources\c99\common\abs.c
		_abs           		CODE           	0006	0000	17

C:\Program Files\Microchip\xc8\v2.46\pic\sources\c99\common\abs.c estimated size: 17

i2c_2.c
		_I2C_Master_Wait		CODE           	2000	0000	12
		_I2C_Master_Init		CODE           	2F61	0000	8
		_I2C_Master_Stop		CODE           	2F53	0000	6
		_setup         		CODE           	2034	0000	48
		_I2C_Master_Write		CODE           	2F59	0000	8
		_I2C_Master_Start		CODE           	2F4D	0000	6

i2c_2.c estimated size: 88

main.c
		_test_draw_lines		CODE           	21B9	0000	93
		_main          		CODE           	25F8	0000	233
		_test_draw_rectangles		CODE           	2458	0000	202
		_test_text_display		CODE           	23AF	0000	169
		_test_images   		CODE           	2276	0000	98
		_test_draw_circles		CODE           	22D8	0000	105
		_test_draw_v_h_lines		CODE           	2341	0000	110

main.c estimated size: 1010

